// Jest Snapshot v1, https://goo.gl/fbAQLP

exports[`Offers component matches snapshot, with className 1`] = `
<DocumentFragment>
  <div
    class="wrp-0-2-16 test"
  >
    <div
      class="card-0-2-17"
    >
      <div
        class="img-0-2-18"
      />
      <div
        class="text-0-2-20"
      />
      <div
        class="text-0-2-20"
      />
      <div
        class="textShort-0-2-21"
      />
    </div>
    <div
      class="card-0-2-17"
    >
      <div
        class="img-0-2-18"
      />
      <div
        class="text-0-2-20"
      />
      <div
        class="text-0-2-20"
      />
      <div
        class="textShort-0-2-21"
      />
    </div>
    <div
      class="card-0-2-17"
    >
      <div
        class="img-0-2-18"
      />
      <div
        class="text-0-2-20"
      />
      <div
        class="text-0-2-20"
      />
      <div
        class="textShort-0-2-21"
      />
    </div>
    <div
      class="card-0-2-17"
    >
      <div
        class="img-0-2-18"
      />
      <div
        class="text-0-2-20"
      />
      <div
        class="text-0-2-20"
      />
      <div
        class="textShort-0-2-21"
      />
    </div>
    <div
      class="card-0-2-17"
    >
      <div
        class="img-0-2-18"
      />
      <div
        class="text-0-2-20"
      />
      <div
        class="text-0-2-20"
      />
      <div
        class="textShort-0-2-21"
      />
    </div>
  </div>
</DocumentFragment>
`;

exports[`Offers component matches snapshot, with props 1`] = `
<DocumentFragment>
  <div
    class="wrp-0-2-9"
  >
    <div
      class="card-0-2-10"
    >
      <div
        class="img-0-2-11"
      />
      <div
        class="text-0-2-13"
      />
      <div
        class="text-0-2-13"
      />
      <div
        class="textShort-0-2-14"
      />
    </div>
    <div
      class="card-0-2-10"
    >
      <div
        class="img-0-2-11"
      />
      <div
        class="text-0-2-13"
      />
      <div
        class="text-0-2-13"
      />
      <div
        class="textShort-0-2-14"
      />
    </div>
    <div
      class="card-0-2-10"
    >
      <div
        class="img-0-2-11"
      />
      <div
        class="text-0-2-13"
      />
      <div
        class="text-0-2-13"
      />
      <div
        class="textShort-0-2-14"
      />
    </div>
    <div
      class="card-0-2-10"
    >
      <div
        class="img-0-2-11"
      />
      <div
        class="text-0-2-13"
      />
      <div
        class="text-0-2-13"
      />
      <div
        class="textShort-0-2-14"
      />
    </div>
    <div
      class="card-0-2-10"
    >
      <div
        class="img-0-2-11"
      />
      <div
        class="text-0-2-13"
      />
      <div
        class="text-0-2-13"
      />
      <div
        class="textShort-0-2-14"
      />
    </div>
  </div>
</DocumentFragment>
`;

exports[`Offers component matches snapshot, without props 1`] = `
<DocumentFragment>
  <div
    class="wrp-0-2-2"
  >
    <div
      class="card-0-2-3"
    >
      <div
        class="img-0-2-4"
      />
      <div
        class="text-0-2-6"
      />
      <div
        class="text-0-2-6"
      />
      <div
        class="textShort-0-2-7"
      />
    </div>
  </div>
</DocumentFragment>
`;
