// Jest Snapshot v1, https://goo.gl/fbAQLP

exports[`Offers component matches snapshot, with className 1`] = `
<DocumentFragment>
  <div
    class="wrp-0-2-20 test"
  >
    <div
      class="card-0-2-21 cardSmall-0-2-22"
    >
      <div
        class="img-0-2-23 imgSmall-0-2-24"
      />
      <div
        class="text-0-2-26"
      />
      <div
        class="text-0-2-26 short-0-2-27"
      />
    </div>
    <div
      class="card-0-2-21 cardSmall-0-2-22"
    >
      <div
        class="img-0-2-23 imgSmall-0-2-24"
      />
      <div
        class="text-0-2-26"
      />
      <div
        class="text-0-2-26 short-0-2-27"
      />
    </div>
    <div
      class="card-0-2-21 cardSmall-0-2-22"
    >
      <div
        class="img-0-2-23 imgSmall-0-2-24"
      />
      <div
        class="text-0-2-26"
      />
      <div
        class="text-0-2-26 short-0-2-27"
      />
    </div>
    <div
      class="card-0-2-21 cardSmall-0-2-22"
    >
      <div
        class="img-0-2-23 imgSmall-0-2-24"
      />
      <div
        class="text-0-2-26"
      />
      <div
        class="text-0-2-26 short-0-2-27"
      />
    </div>
    <div
      class="card-0-2-21 cardSmall-0-2-22"
    >
      <div
        class="img-0-2-23 imgSmall-0-2-24"
      />
      <div
        class="text-0-2-26"
      />
      <div
        class="text-0-2-26 short-0-2-27"
      />
    </div>
  </div>
</DocumentFragment>
`;

exports[`Offers component matches snapshot, with props 1`] = `
<DocumentFragment>
  <div
    class="wrp-0-2-11"
  >
    <div
      class="card-0-2-12 cardSmall-0-2-13"
    >
      <div
        class="img-0-2-14 imgSmall-0-2-15"
      />
      <div
        class="text-0-2-17"
      />
      <div
        class="text-0-2-17 short-0-2-18"
      />
    </div>
    <div
      class="card-0-2-12 cardSmall-0-2-13"
    >
      <div
        class="img-0-2-14 imgSmall-0-2-15"
      />
      <div
        class="text-0-2-17"
      />
      <div
        class="text-0-2-17 short-0-2-18"
      />
    </div>
    <div
      class="card-0-2-12 cardSmall-0-2-13"
    >
      <div
        class="img-0-2-14 imgSmall-0-2-15"
      />
      <div
        class="text-0-2-17"
      />
      <div
        class="text-0-2-17 short-0-2-18"
      />
    </div>
    <div
      class="card-0-2-12 cardSmall-0-2-13"
    >
      <div
        class="img-0-2-14 imgSmall-0-2-15"
      />
      <div
        class="text-0-2-17"
      />
      <div
        class="text-0-2-17 short-0-2-18"
      />
    </div>
    <div
      class="card-0-2-12 cardSmall-0-2-13"
    >
      <div
        class="img-0-2-14 imgSmall-0-2-15"
      />
      <div
        class="text-0-2-17"
      />
      <div
        class="text-0-2-17 short-0-2-18"
      />
    </div>
  </div>
</DocumentFragment>
`;

exports[`Offers component matches snapshot, without props 1`] = `
<DocumentFragment>
  <div
    class="wrp-0-2-2"
  >
    <div
      class="card-0-2-3 cardSmall-0-2-4"
    >
      <div
        class="img-0-2-5 imgSmall-0-2-6"
      />
      <div
        class="text-0-2-8"
      />
      <div
        class="text-0-2-8 short-0-2-9"
      />
    </div>
  </div>
</DocumentFragment>
`;
